******************************************************************************
                  TI ARM Linker PC v19.6.0                     
******************************************************************************
>> Linked Mon Dec 16 15:41:52 2019

OUTPUT FILE NAME:   <Principal.out>
ENTRY POINT SYMBOL: "_c_int00"  address: 00004701


MEMORY CONFIGURATION

         name            origin    length      used     unused   attr    fill
----------------------  --------  ---------  --------  --------  ----  --------
  FLASH                 00000000   00100000  0000855e  000f7aa2  R  X
  SRAM                  20000000   00040000  00001ec8  0003e138  RW X


SEGMENT ALLOCATION MAP

run origin  load origin   length   init length attrs members
----------  ----------- ---------- ----------- ----- -------
00000000    00000000    00008568   00008568    r-x
  00000000    00000000    0000003c   0000003c    r-- .resetVecs
  00000040    00000040    0000623a   0000623a    r-x .text
  0000627c    0000627c    000020f0   000020f0    r-- .const
  00008370    00008370    000001f8   000001f8    r-- .cinit
20000000    20000000    00001ec8   00000000    rw-
  20000000    20000000    00000360   00000000    rw- .vecs
  20000360    20000360    00001474   00000000    rw- .bss
  200017d4    200017d4    000003f4   00000000    rw- .data
  20001bc8    20001bc8    00000300   00000000    rw- .stack


SECTION ALLOCATION MAP

 output                                  attributes/
section   page    origin      length       input sections
--------  ----  ----------  ----------   ----------------
.text      0    00000040    0000623a     
                  00000040    00000430     sysbios.aem4f : BIOS.obj (.text:ti_sysbios_family_arm_m3_Hwi_excDumpRegs__I)
                  00000470    0000034c     ti.targets.arm.rtsarm.aem4f : System.oem4f (.text:xdc_runtime_System_doPrint__I)
                  000007bc    000002f0     empty.obj (.text:task3Fxn)
                  00000aac    00000004     rtsv7M4_T_le_v4SPD16_eabi.lib : exit.c.obj (.text:abort:abort)
                  00000ab0    000002d0     sysbios.aem4f : BIOS.obj (.text:ti_sysbios_knl_Semaphore_pend__E)
                  00000d80    0000026c                   : BIOS.obj (.text:ti_sysbios_heaps_HeapMem_free__E)
                  00000fec    00000004     empty_pem4f.oem4f (.text:ti_sysbios_BIOS_RtsGateProxy_enter__E)
                  00000ff0    00000250     sysbios.aem4f : BIOS.obj (.text:ti_sysbios_heaps_HeapMem_alloc__E)
                  00001240    00000234                   : BIOS.obj (.text:ti_sysbios_knl_Task_Instance_finalize__E)
                  00001474    00000204     Boot.aem4f : Boot_sysctl.oem4f (.text:ti_catalog_arm_cortexm4_tiva_ce_Boot_sysCtlClockFreqSetI__I)
                  00001678    000001f4     sysbios.aem4f : BIOS.obj (.text:ti_sysbios_family_arm_m3_Hwi_excHandlerMax__I)
                  0000186c    00000004     empty_pem4f.oem4f (.text:ti_sysbios_BIOS_RtsGateProxy_leave__E)
                  00001870    000001f0     sysbios.aem4f : BIOS.obj (.text:ti_sysbios_knl_Task_sleep__E)
                  00001a60    000001c0                   : BIOS.obj (.text:ti_sysbios_knl_Task_Instance_init__E)
                  00001c20    00000174                   : BIOS.obj (.text:ti_sysbios_family_arm_m3_Hwi_excBusFault__I)
                  00001d94    00000004                   : BIOS.obj (.text:ti_sysbios_family_arm_lm4_Timer_masterEnable__I)
                  00001d98    00000164                   : BIOS.obj (.text:ti_sysbios_family_arm_m3_Hwi_excUsageFault__I)
                  00001efc    00000004     empty_pem4f.oem4f (.text:ti_sysbios_family_arm_m3_TaskSupport_Module__startupDone__S)
                  00001f00    00000148     sysbios.aem4f : BIOS.obj (.text:ti_sysbios_family_arm_m3_Hwi_excMemFault__I)
                  00002048    00000140     empty.obj (.text:task4Fxn)
                  00002188    0000013c     sysbios.aem4f : BIOS.obj (.text:ti_sysbios_heaps_HeapMem_Instance_init__E)
                  000022c4    00000136     rtsv7M4_T_le_v4SPD16_eabi.lib : fd_div_t2.asm.obj (.text)
                  000023fa    00000002                                   : _lock.c.obj (.text:_nop)
                  000023fc    00000134     empty.obj (.text:task2Fxn)
                  00002530    00000134     sysbios.aem4f : BIOS.obj (.text:ti_sysbios_family_arm_lm4_Timer_start__E)
                  00002664    00000130     driverlib.lib : gpio.obj (.text:GPIOPadConfigSet)
                  00002794    00000118     ti.targets.arm.rtsarm.aem4f : Error.oem4f (.text:xdc_runtime_Error_policyDefault__E)
                  000028ac    00000100                                 : Core-mem.oem4f (.text:xdc_runtime_Core_createObject__I)
                  000029ac    000000fc     rtsv7M4_T_le_v4SPD16_eabi.lib : fd_mul_t2.asm.obj (.text)
                  00002aa8    000000f8     ti.targets.arm.rtsarm.aem4f : Startup.oem4f (.text:xdc_runtime_Startup_startMods__I)
                  00002ba0    000000f8     empty_pem4f.oem4f (.text:xdc_runtime_System_printfExtend__I)
                  00002c98    000000f4     empty.obj (.text:main)
                  00002d8c    000000f4     sysbios.aem4f : m3_Hwi_asm.obj (.text:ti_sysbios_family_arm_m3_Hwi_dispatch__I)
                  00002e80    000000ec                   : BIOS.obj (.text:ti_sysbios_knl_Semaphore_post__E)
                  00002f6c    000000dc     empty.obj (.text:task1Fxn)
                  00003048    000000cc     ti.targets.arm.rtsarm.aem4f : Core-smem.oem4f (.text:xdc_runtime_Core_constructObject__I)
                  00003114    000000c6     lcd_lib.obj (.text:LcdStr)
                  000031da    00000006     driverlib.lib : gpio.obj (.text:GPIOPinRead)
                  000031e0    000000bc     sysbios.aem4f : BIOS.obj (.text:ti_sysbios_family_arm_m3_Hwi_excDebugMon__I)
                  0000329c    00000004     empty_pem4f.oem4f (.text:ti_sysbios_heaps_HeapMem_Module_GateProxy_enter__E)
                  000032a0    000000bc     sysbios.aem4f : BIOS.obj (.text:ti_sysbios_family_arm_m3_Hwi_excHardFault__I)
                  0000335c    000000b8     EK_TM4C1294XL.obj (.text:EK_TM4C1294XL_initGeneral)
                  00003414    00000004     empty_pem4f.oem4f (.text:ti_sysbios_heaps_HeapMem_Module_GateProxy_leave__E)
                  00003418    000000b4     sysbios.aem4f : BIOS.obj (.text:ti_sysbios_gates_GateMutex_enter__E)
                  000034cc    00000004     empty_pem4f.oem4f (.text:ti_sysbios_knl_Clock_TimerProxy_getMaxTicks__E)
                  000034d0    000000b4     sysbios.aem4f : BIOS.obj (.text:ti_sysbios_knl_Task_checkStacks__E)
                  00003584    00000004     empty_pem4f.oem4f (.text:ti_sysbios_knl_Queue_destruct)
                  00003588    000000ac     sysbios.aem4f : BIOS.obj (.text:ti_sysbios_family_arm_lm4_Timer_enableTiva__I)
                  00003634    00000004     empty_pem4f.oem4f (.text:ti_sysbios_knl_Semaphore_destruct)
                  00003638    000000a8     sysbios.aem4f : BIOS.obj (.text:ti_sysbios_family_arm_lm4_Timer_enableTimers__I)
                  000036e0    000000a8                   : BIOS.obj (.text:ti_sysbios_knl_Task_postInit__I)
                  00003788    000000a0     auto_init.aem4f : auto_init.oem4f (.text)
                  00003828    000000a0     key_board_lib.obj (.text:keyBoard)
                  000038c8    000000a0     ti.targets.arm.rtsarm.aem4f : Text.oem4f (.text:xdc_runtime_Text_putMod__E)
                  00003968    0000009c     rtsv7M4_T_le_v4SPD16_eabi.lib : memcpy_t2.asm.obj (.text)
                  00003a04    00000004     ti.targets.arm.rtsarm.aem4f : Error.oem4f (.text:xdc_runtime_Error_getSite__E)
                  00003a08    0000009c     sysbios.aem4f : BIOS.obj (.text:ti_sysbios_knl_Semaphore_Instance_init__E)
                  00003aa4    0000009a     ti.targets.arm.rtsarm.aem4f : Text.oem4f (.text:xdc_runtime_Text_putSite__E)
                  00003b3e    00000002     rtsv7M4_T_le_v4SPD16_eabi.lib : div0.asm.obj (.text)
                  00003b40    00000098     Boot.aem4f : Boot.oem4f (.text:ti_catalog_arm_cortexm4_tiva_ce_Boot_sysCtlClockFreqSet__E)
                  00003bd8    00000094     sysbios.aem4f : BIOS.obj (.text:ti_sysbios_family_arm_m3_Hwi_initNVIC__E)
                  00003c6c    0000008c                   : m3_TaskSupport_asm.obj (.text:ti_sysbios_family_arm_m3_TaskSupport_buildTaskStack)
                  00003cf8    00000088     lcd_lib.obj (.text:lcdInit)
                  00003d80    00000084     sysbios.aem4f : BIOS.obj (.text:ti_sysbios_family_arm_m3_Hwi_postInit__I)
                  00003e04    0000007a     driverlib.lib : adc.obj (.text:ADCSequenceStepConfigure)
                  00003e7e    0000007a     rtsv7M4_T_le_v4SPD16_eabi.lib : memset_t2.asm.obj (.text)
                  00003ef8    00000070     sysbios.aem4f : BIOS.obj (.text:ti_sysbios_knl_Clock_workFunc__E)
                  00003f68    00000070                   : BIOS.obj (.text:ti_sysbios_knl_Task_exit__E)
                  00003fd8    0000006e     rtsv7M4_T_le_v4SPD16_eabi.lib : fd_tos_t2.asm.obj (.text)
                  00004046    00000002     empty_pem4f.oem4f (.text:ti_sysbios_BIOS_nullFunc__I)
                  00004048    0000006d     ti.targets.arm.rtsarm.aem4f : System.oem4f (.text:xdc_runtime_System_formatNum__I)
                  000040b5    00000001     --HOLE-- [fill = 0]
                  000040b6    00000002     empty_pem4f.oem4f (.text:xdc_runtime_Startup_reset__I)
                  000040b8    0000006c     sysbios.aem4f : BIOS.obj (.text:ti_sysbios_knl_Swi_restoreHwi__E)
                  00004124    0000006c     ti.targets.arm.rtsarm.aem4f : Error.oem4f (.text:xdc_runtime_Error_print__E)
                  00004190    0000006c                                 : Memory.oem4f (.text:xdc_runtime_Memory_alloc__E)
                  000041fc    00000068     empty.obj (.text:adcInit)
                  00004264    00000068     rtsv7M4_T_le_v4SPD16_eabi.lib : copy_decompress_lzss.c.obj (.text:decompress:lzss:__TI_decompress_lzss)
                  000042cc    00000066     ti.targets.arm.rtsarm.aem4f : Core-mem.oem4f (.text:xdc_runtime_Core_deleteObject__I)
                  00004332    00000006     driverlib.lib : gpio.obj (.text:GPIOPinWrite)
                  00004338    00000064     sysbios.aem4f : BIOS.obj (.text:ti_sysbios_family_arm_lm4_Timer_Module_startup__E)
                  0000439c    00000004     empty_pem4f.oem4f (.text:xdc_runtime_System_Module_GateProxy_enter__E)
                  000043a0    00000064     sysbios.aem4f : BIOS.obj (.text:ti_sysbios_family_arm_m3_Hwi_dispatchC__I)
                  00004404    00000060     lcd_lib.obj (.text:LcdCmd)
                  00004464    00000004     empty_pem4f.oem4f (.text:xdc_runtime_System_Module_GateProxy_leave__E)
                  00004468    00000060     sysbios.aem4f : BIOS.obj (.text:ti_sysbios_family_arm_lm4_Timer_isrStub__E)
                  000044c8    00000060                   : BIOS.obj (.text:ti_sysbios_knl_Task_schedule__I)
                  00004528    0000005c                   : BIOS.obj (.text:ti_sysbios_knl_Swi_run__I)
                  00004584    00000004     ti.targets.arm.rtsarm.aem4f : System.oem4f (.text:xdc_runtime_System_aprintf_va__F)
                  00004588    0000005c     sysbios.aem4f : BIOS.obj (.text:ti_sysbios_knl_Swi_schedule__I)
                  000045e4    00000004     ti.targets.arm.rtsarm.aem4f : System.oem4f (.text:xdc_runtime_System_printf_va__F)
                  000045e8    0000005c     sysbios.aem4f : BIOS.obj (.text:ti_sysbios_knl_Task_Module_startup__E)
                  00004644    00000004     --HOLE-- [fill = 0]
                  00004648    0000005c                   : BIOS.obj (.text:ti_sysbios_knl_Task_startCore__E)
                  000046a4    0000005b     ti.targets.arm.rtsarm.aem4f : Text.oem4f (.text:xdc_runtime_Text_putLab__E)
                  000046ff    00000001     --HOLE-- [fill = 0]
                  00004700    00000058     boot.aem4f : boot.oem4f (.text)
                  00004758    00000058     rtsv7M4_T_le_v4SPD16_eabi.lib : hostwrite.c.obj (.text:HOSTwrite)
                  000047b0    00000058     lcd_lib.obj (.text:LcdChar)
                  00004808    00000058     sysbios.aem4f : m3_Hwi_asm_switch.obj (.text:ti_sysbios_family_arm_m3_Hwi_initStacks__E)
                  00004860    00000054     key_board_lib.obj (.text:keyBoardRead)
                  000048b4    00000054     empty_pem4f.oem4f (.text:ti_sysbios_knl_Task_construct)
                  00004908    00000054     ti.targets.arm.rtsarm.aem4f : Assert.oem4f (.text:xdc_runtime_Assert_raise__I)
                  0000495c    00000050     Boot.aem4f : Boot_sysctl.oem4f (.text:_SysCtlFrequencyGet)
                  000049ac    00000050     key_board_lib.obj (.text:keyBoardSweep)
                  000049fc    00000004     --HOLE-- [fill = 0]
                  00004a00    00000050     sysbios.aem4f : BIOS.obj (.text:ti_sysbios_family_arm_m3_Hwi_Module_startup__E)
                  00004a50    00000050     ti.targets.arm.rtsarm.aem4f : Startup.oem4f (.text:xdc_runtime_Startup_exec__E)
                  00004aa0    00000050                                 : Text.oem4f (.text:xdc_runtime_Text_visitRope2__I)
                  00004af0    0000004c     rtsv7M4_T_le_v4SPD16_eabi.lib : atoi.c.obj (.text:atoi)
                  00004b3c    0000004c                                   : cpy_tbl.c.obj (.text:copy_in)
                  00004b88    0000004c     sysbios.aem4f : BIOS.obj (.text:ti_sysbios_heaps_HeapMem_getStats__E)
                  00004bd4    00000004     --HOLE-- [fill = 0]
                  00004bd8    0000004c                   : BIOS.obj (.text:ti_sysbios_knl_Swi_runLoop__I)
                  00004c24    00000004     --HOLE-- [fill = 0]
                  00004c28    0000004c                   : BIOS.obj (.text:ti_sysbios_knl_Task_allBlockedFunction__I)
                  00004c74    00000048     driverlib.lib : gpio.obj (.text:GPIOPinConfigure)
                  00004cbc    00000004     --HOLE-- [fill = 0]
                  00004cc0    00000048     sysbios.aem4f : BIOS.obj (.text:ti_sysbios_family_arm_m3_Hwi_disableInterrupt__E)
                  00004d08    00000048                   : BIOS.obj (.text:ti_sysbios_family_arm_m3_Hwi_enableInterrupt__E)
                  00004d50    00000048                   : BIOS.obj (.text:ti_sysbios_family_arm_m3_Hwi_excReserved__I)
                  00004d98    00000046     ti.targets.arm.rtsarm.aem4f : Core-params.oem4f (.text:xdc_runtime_Core_assignParams__I)
                  00004dde    00000002     --HOLE-- [fill = 0]
                  00004de0    00000044     sysbios.aem4f : BIOS.obj (.text:ti_sysbios_family_arm_m3_Hwi_getStackInfo__E)
                  00004e24    00000004     --HOLE-- [fill = 0]
                  00004e28    00000044                   : BIOS.obj (.text:ti_sysbios_knl_Swi_post__E)
                  00004e6c    00000044     ti.targets.arm.rtsarm.aem4f : Error.oem4f (.text:xdc_runtime_Error_setX__E)
                  00004eb0    00000044                                 : SysMin.oem4f (.text:xdc_runtime_SysMin_flush__E)
                  00004ef4    00000044                                 : Text.oem4f (.text:xdc_runtime_Text_xprintf__I)
                  00004f38    00000040     rtsv7M4_T_le_v4SPD16_eabi.lib : u_divt2.asm.obj (.text)
                  00004f78    00000040     sysbios.aem4f : BIOS.obj (.text:ti_sysbios_family_arm_lm4_Timer_startup__E)
                  00004fb8    0000003e     driverlib.lib : adc.obj (.text:ADCSequenceConfigure)
                  00004ff6    00000002     --HOLE-- [fill = 0]
                  00004ff8    0000003c     sysbios.aem4f : BIOS.obj (.text:ti_sysbios_family_arm_m3_Hwi_excSvCall__I)
                  00005034    00000004     --HOLE-- [fill = 0]
                  00005038    0000003c                   : BIOS.obj (.text:ti_sysbios_heaps_HeapMem_init__I)
                  00005074    00000004     --HOLE-- [fill = 0]
                  00005078    0000003c                   : BIOS.obj (.text:ti_sysbios_knl_Swi_restore__E)
                  000050b4    00000038     driverlib.lib : sysctl.obj (.text:SysCtlPeripheralReady)
                  000050ec    00000038     rtsv7M4_T_le_v4SPD16_eabi.lib : trgmsg.c.obj (.text:__TI_writemsg)
                  00005124    00000038     key_board_lib.obj (.text:keyBoardInit)
                  0000515c    00000038     rtsv7M4_T_le_v4SPD16_eabi.lib : fs_tod_t2.asm.obj (.text)
                  00005194    00000004     --HOLE-- [fill = 0]
                  00005198    00000038     sysbios.aem4f : BIOS.obj (.text:ti_sysbios_family_arm_m3_Hwi_excNoIsr__I)
                  000051d0    00000038                   : BIOS.obj (.text:ti_sysbios_knl_Task_processVitalTaskFlag__I)
                  00005208    00000038     ti.targets.arm.rtsarm.aem4f : SysMin.oem4f (.text:xdc_runtime_SysMin_putch__E)
                  00005240    00000038                                 : System.oem4f (.text:xdc_runtime_System_atexit__E)
                  00005278    00000036     rtsv7M4_T_le_v4SPD16_eabi.lib : ull_tofs_t2.asm.obj (.text)
                  000052ae    00000002     --HOLE-- [fill = 0]
                  000052b0    00000034     driverlib.lib : sysctl.obj (.text:SysCtlPeripheralEnable)
                  000052e4    00000034     rtsv7M4_T_le_v4SPD16_eabi.lib : trgmsg.c.obj (.text:__TI_readmsg)
                  00005318    00000034     sysbios.aem4f : BIOS.obj (.text:ti_sysbios_family_arm_m3_Hwi_excNmi__I)
                  0000534c    00000004     --HOLE-- [fill = 0]
                  00005350    00000034                   : BIOS.obj (.text:ti_sysbios_hal_Hwi_checkStack)
                  00005384    00000034     ti.targets.arm.rtsarm.aem4f : Core-label.oem4f (.text:xdc_runtime_Core_assignLabel__I)
                  000053b8    00000033                                 : Text.oem4f (.text:xdc_runtime_Text_printVisFxn__I)
                  000053eb    00000005     --HOLE-- [fill = 0]
                  000053f0    00000032     sysbios.aem4f : BIOS.obj (.text:ti_sysbios_hal_Hwi_initStack)
                  00005422    00000002     --HOLE-- [fill = 0]
                  00005424    00000030     lcd_lib.obj (.text:delayms)
                  00005454    00000030     lcd_lib.obj (.text:delayus)
                  00005484    00000030     empty_pem4f.oem4f (.text:ti_sysbios_BIOS_atExitFunc__I)
                  000054b4    00000004     --HOLE-- [fill = 0]
                  000054b8    00000030     sysbios.aem4f : BIOS.obj (.text:ti_sysbios_family_arm_lm4_Timer_stop__E)
                  000054e8    00000030                   : BIOS.obj (.text:ti_sysbios_family_arm_m3_TaskSupport_start__E)
                  00005518    00000030     empty_pem4f.oem4f (.text:ti_sysbios_gates_GateHwi_Object__create__S)
                  00005548    00000030     empty_pem4f.oem4f (.text:ti_sysbios_gates_GateMutex_Object__create__S)
                  00005578    00000030     empty_pem4f.oem4f (.text:ti_sysbios_heaps_HeapMem_Object__create__S)
                  000055a8    00000030     empty_pem4f.oem4f (.text:ti_sysbios_knl_Queue_create)
                  000055d8    00000030     empty_pem4f.oem4f (.text:ti_sysbios_knl_Semaphore_construct)
                  00005608    00000030     sysbios.aem4f : BIOS.obj (.text:ti_sysbios_knl_Semaphore_pendTimeout__I)
                  00005638    00000030                   : BIOS.obj (.text:ti_sysbios_knl_Task_unblockI__E)
                  00005668    00000030     ti.targets.arm.rtsarm.aem4f : SysMin.oem4f (.text:xdc_runtime_SysMin_abort__E)
                  00005698    00000030                                 : System.oem4f (.text:xdc_runtime_System_processAtExit__E)
                  000056c8    0000002e     driverlib.lib : adc.obj (.text:ADCIntStatus)
                  000056f6    00000002     --HOLE-- [fill = 0]
                  000056f8    0000002c     empty_pem4f.oem4f (.text:ti_sysbios_knl_Clock_doTick__I)
                  00005724    0000002c     empty_pem4f.oem4f (.text:ti_sysbios_knl_Queue_construct)
                  00005750    0000002c     sysbios.aem4f : BIOS.obj (.text:ti_sysbios_knl_Task_restore__E)
                  0000577c    0000002c     ti.targets.arm.rtsarm.aem4f : Text.oem4f (.text:xdc_runtime_Text_cordText__E)
                  000057a8    0000002a     driverlib.lib : gpio.obj (.text:GPIODirModeSet)
                  000057d2    0000002a     ti.targets.arm.rtsarm.aem4f : System.oem4f (.text:xdc_runtime_System_putchar__I)
                  000057fc    00000004     --HOLE-- [fill = 0]
                  00005800    00000028     sysbios.aem4f : BIOS.obj (.text:ti_sysbios_knl_Swi_Module_startup__E)
                  00005828    00000026                   : m3_Hwi_asm.obj (.text:ti_sysbios_family_arm_m3_Hwi_pendSV__I)
                  0000584e    00000026     ti.targets.arm.rtsarm.aem4f : System.oem4f (.text:xdc_runtime_System_avprintf__E)
                  00005874    00000024     empty_pem4f.oem4f (.text:ti_sysbios_BIOS_errorRaiseHook__I)
                  00005898    00000024     empty_pem4f.oem4f (.text:ti_sysbios_BIOS_registerRTSLock__I)
                  000058bc    00000024     empty_pem4f.oem4f (.text:ti_sysbios_BIOS_removeRTSLock__I)
                  000058e0    00000024     empty_pem4f.oem4f (.text:ti_sysbios_BIOS_startFunc__I)
                  00005904    00000024     empty_pem4f.oem4f (.text:ti_sysbios_gates_GateMutex_Object__delete__S)
                  00005928    00000024     sysbios.aem4f : BIOS.obj (.text:ti_sysbios_knl_Clock_Module_startup__E)
                  0000594c    00000004     --HOLE-- [fill = 0]
                  00005950    00000024                   : BIOS.obj (.text:ti_sysbios_knl_Task_restoreHwi__E)
                  00005974    00000024     ti.targets.arm.rtsarm.aem4f : System.oem4f (.text:xdc_runtime_System_vprintf__E)
                  00005998    00000022     driverlib.lib : pwm.obj (.text:PWMGenConfigure)
                  000059ba    00000006     ti.targets.arm.rtsarm.aem4f : System.oem4f (.text:xdc_runtime_System_Module_startup__E)
                  000059c0    00000022     sysbios.aem4f : BIOS.obj (.text:ti_sysbios_family_arm_lm4_Timer_write__I)
                  000059e2    00000022     empty_pem4f.oem4f (.text:xdc_runtime_SysMin_output__I)
                  00005a04    00000020     Boot.aem4f : Boot_sysctl.oem4f (.text:_SysCtlMemTimingGet)
                  00005a24    00000020     empty_pem4f.oem4f (.text:ti_sysbios_BIOS_rtsLock__I)
                  00005a44    00000020     sysbios.aem4f : m3_Hwi_asm.obj (.text:ti_sysbios_family_arm_m3_Hwi_excHandlerAsm__I)
                  00005a64    00000004     --HOLE-- [fill = 0]
                  00005a68    00000020                   : BIOS.obj (.text:ti_sysbios_family_arm_m3_Hwi_excHandler__I)
                  00005a88    00000020     empty_pem4f.oem4f (.text:ti_sysbios_gates_GateHwi_Object__delete__S)
                  00005aa8    00000020     empty_pem4f.oem4f (.text:ti_sysbios_heaps_HeapMem_Object__delete__S)
                  00005ac8    00000020     sysbios.aem4f : BIOS.obj (.text:ti_sysbios_knl_Idle_run__E)
                  00005ae8    00000020     empty_pem4f.oem4f (.text:ti_sysbios_knl_Semaphore_Object__destruct__S)
                  00005b08    00000020     ti.targets.arm.rtsarm.aem4f : Registry.oem4f (.text:xdc_runtime_Registry_findById__E)
                  00005b28    00000020                                 : SysMin.oem4f (.text:xdc_runtime_SysMin_Module_startup__E)
                  00005b48    0000001e     driverlib.lib : adc.obj (.text:ADCSequenceDataGet)
                  00005b66    0000001e                   : pwm.obj (.text:PWMPulseWidthSet)
                  00005b84    0000001e     rtsv7M4_T_le_v4SPD16_eabi.lib : strcat.c.obj (.text:strcat)
                  00005ba2    0000001e     sysbios.aem4f : m3_Hwi_asm_switch.obj (.text:ti_sysbios_family_xxx_Hwi_switchAndRunFunc)
                  00005bc0    0000001c                   : BIOS.obj (.text:ti_sysbios_gates_GateMutex_Instance_init__E)
                  00005bdc    0000001c     empty_pem4f.oem4f (.text:ti_sysbios_knl_Queue_Object__destruct__S)
                  00005bf8    0000001c     sysbios.aem4f : BIOS.obj (.text:ti_sysbios_knl_Task_enter__I)
                  00005c14    0000001c     ti.targets.arm.rtsarm.aem4f : Error.oem4f (.text:xdc_runtime_Error_raiseX__E)
                  00005c30    0000001c                                 : Memory.oem4f (.text:xdc_runtime_Memory_valloc__E)
                  00005c4c    0000001c                                 : SysMin.oem4f (.text:xdc_runtime_SysMin_exit__E)
                  00005c68    0000001c                                 : System.oem4f (.text:xdc_runtime_System_abort__E)
                  00005c84    0000001a     empty_pem4f.oem4f (.text:ti_sysbios_family_arm_m3_Hwi_Handle__label__S)
                  00005c9e    0000001a     empty_pem4f.oem4f (.text:ti_sysbios_gates_GateHwi_Handle__label__S)
                  00005cb8    0000001a     empty_pem4f.oem4f (.text:ti_sysbios_gates_GateMutex_Handle__label__S)
                  00005cd2    0000001a     empty_pem4f.oem4f (.text:ti_sysbios_heaps_HeapMem_Handle__label__S)
                  00005cec    0000001a     empty_pem4f.oem4f (.text:ti_sysbios_knl_Swi_Handle__label__S)
                  00005d06    0000001a     empty_pem4f.oem4f (.text:ti_sysbios_knl_Task_Handle__label__S)
                  00005d20    0000001a     empty_pem4f.oem4f (.text:xdc_runtime_System_aprintf__E)
                  00005d3a    0000001a     empty_pem4f.oem4f (.text:xdc_runtime_System_printf__E)
                  00005d54    00000018     driverlib.lib : adc.obj (.text:ADCProcessorTrigger)
                  00005d6c    00000018                   : gpio.obj (.text:GPIOPinTypeGPIOOutput)
                  00005d84    00000018     rtsv7M4_T_le_v4SPD16_eabi.lib : args_main.c.obj (.text:_args_main)
                  00005d9c    00000018     empty_pem4f.oem4f (.text:ti_sysbios_BIOS_rtsUnlock__I)
                  00005db4    00000018     empty_pem4f.oem4f (.text:ti_sysbios_family_arm_lm4_Timer_Module__startupDone__F)
                  00005dcc    00000018     empty_pem4f.oem4f (.text:ti_sysbios_family_arm_m3_Hwi_Module__startupDone__F)
                  00005de4    00000018     sysbios.aem4f : m3_TaskSupport_asm.obj (.text:ti_sysbios_family_arm_m3_TaskSupport_swap__E)
                  00005dfc    00000004     --HOLE-- [fill = 0]
                  00005e00    00000018                   : BIOS.obj (.text:ti_sysbios_gates_GateMutex_leave__E)
                  00005e18    00000018                   : BIOS.obj (.text:ti_sysbios_knl_Task_sleepTimeout__I)
                  00005e30    00000018     ti.targets.arm.rtsarm.aem4f : Error.oem4f (.text:xdc_runtime_Error_check__E)
                  00005e48    00000018                                 : System.oem4f (.text:xdc_runtime_System_exit__E)
                  00005e60    00000018                                 : Text.oem4f (.text:xdc_runtime_Text_ropeText__E)
                  00005e78    00000016     empty_pem4f.oem4f (.text:ti_sysbios_BIOS_exitFunc__I)
                  00005e8e    00000016     empty.obj (.text:ti_sysbios_knl_Semaphore_Params_init)
                  00005ea4    00000016     empty.obj (.text:ti_sysbios_knl_Task_Params_init)
                  00005eba    00000002     --HOLE-- [fill = 0]
                  00005ebc    00000014     driverlib.lib : sysctl.obj (.text:SysCtlPWMClockSet)
                  00005ed0    00000014     rtsv7M4_T_le_v4SPD16_eabi.lib : strcpy.c.obj (.text:strcpy)
                  00005ee4    00000014                                   : strlen.c.obj (.text:strlen)
                  00005ef8    00000014     empty_pem4f.oem4f (.text:ti_sysbios_family_arm_m3_Hwi_Object__get__S)
                  00005f0c    00000004     --HOLE-- [fill = 0]
                  00005f10    00000014     sysbios.aem4f : BIOS.obj (.text:ti_sysbios_family_arm_m3_Hwi_switchFromBootStack__E)
                  00005f24    00000014     empty_pem4f.oem4f (.text:ti_sysbios_heaps_HeapMem_Object__get__S)
                  00005f38    00000014     empty_pem4f.oem4f (.text:ti_sysbios_knl_Swi_Object__get__S)
                  00005f4c    00000012     driverlib.lib : gpio.obj (.text:GPIOPinTypeADC)
                  00005f5e    00000012                   : gpio.obj (.text:GPIOPinTypeGPIOInput)
                  00005f70    00000012                   : gpio.obj (.text:GPIOPinTypePWM)
                  00005f82    00000012                   : pwm.obj (.text:PWMGenPeriodGet)
                  00005f94    00000012                   : pwm.obj (.text:PWMOutputState)
                  00005fa6    00000002     --HOLE-- [fill = 0]
                  00005fa8    00000012     sysbios.aem4f : BIOS.obj (.text:ti_sysbios_hal_Hwi_Module_startup__E)
                  00005fba    00000012     empty_pem4f.oem4f (.text:xdc_runtime_Startup_exec__I)
                  00005fcc    00000010     empty_pem4f.oem4f (.text:.bootCodeSection:ti_catalog_arm_cortexm4_tiva_ce_Boot_init__I)
                  00005fdc    00000010     driverlib.lib : pwm.obj (.text:PWMGenPeriodSet)
                  00005fec    00000004     --HOLE-- [fill = 0]
                  00005ff0    00000010     sysbios.aem4f : BIOS.obj (.text:ti_sysbios_BIOS_setThreadType__E)
                  00006000    00000010                   : BIOS.obj (.text:ti_sysbios_BIOS_start__E)
                  00006010    00000010                   : m3_TaskSupport_asm.obj (.text:ti_sysbios_family_arm_m3_TaskSupport_glue)
                  00006020    00000010                   : BIOS.obj (.text:ti_sysbios_gates_GateMutex_Instance_finalize__E)
                  00006030    00000010                   : BIOS.obj (.text:ti_sysbios_knl_Semaphore_Instance_finalize__E)
                  00006040    00000010                   : BIOS.obj (.text:ti_sysbios_knl_Swi_disable__E)
                  00006050    00000010     empty_pem4f.oem4f (.text:ti_sysbios_knl_Task_Object__get__S)
                  00006060    00000010     sysbios.aem4f : BIOS.obj (.text:ti_sysbios_knl_Task_disable__E)
                  00006070    00000010     ti.targets.arm.rtsarm.aem4f : Gate.oem4f (.text:xdc_runtime_Gate_leaveSystem__E)
                  00006080    00000010                                 : Memory.oem4f (.text:xdc_runtime_Memory_free__E)
                  00006090    00000010                                 : SysMin.oem4f (.text:xdc_runtime_SysMin_ready__E)
                  000060a0    00000010                                 : System.oem4f (.text:xdc_runtime_System_vsnprintf__E)
                  000060b0    00000010     empty_pem4f.oem4f (.text:xdc_runtime_Text_visitRope__I)
                  000060c0    0000000e     driverlib.lib : adc.obj (.text:ADCSequenceDisable)
                  000060ce    0000000e                   : adc.obj (.text:ADCSequenceEnable)
                  000060dc    0000000e     rtsv7M4_T_le_v4SPD16_eabi.lib : copy_decompress_none.c.obj (.text:decompress:none:__TI_decompress_none)
                  000060ea    00000006     --HOLE-- [fill = 0]
                  000060f0    0000000e     sysbios.aem4f : BIOS.obj (.text:ti_sysbios_knl_Idle_loop__E)
                  000060fe    00000002     --HOLE-- [fill = 0]
                  00006100    0000000e                   : BIOS.obj (.text:ti_sysbios_knl_Queue_empty__E)
                  0000610e    0000000c     driverlib.lib : pwm.obj (.text:PWMGenEnable)
                  0000611a    00000002     --HOLE-- [fill = 0]
                  0000611c    0000000c     rtsv7M4_T_le_v4SPD16_eabi.lib : _lock.c.obj (.text:_register_lock)
                  00006128    0000000c                                   : _lock.c.obj (.text:_register_unlock)
                  00006134    0000000c                                   : copy_zero_init.c.obj (.text:decompress:ZI:__TI_zero_init)
                  00006140    0000000c     sysbios.aem4f : BIOS.obj (.text:ti_sysbios_family_arm_lm4_Timer_getMaxTicks__E)
                  0000614c    00000004     --HOLE-- [fill = 0]
                  00006150    0000000c                   : BIOS.obj (.text:ti_sysbios_family_arm_m3_TaskSupport_checkStack__E)
                  0000615c    00000004     --HOLE-- [fill = 0]
                  00006160    0000000c                   : BIOS.obj (.text:ti_sysbios_family_arm_m3_TaskSupport_getStackAlignment__E)
                  0000616c    00000004     --HOLE-- [fill = 0]
                  00006170    0000000c                   : BIOS.obj (.text:ti_sysbios_gates_GateHwi_enter__E)
                  0000617c    0000000c     empty_pem4f.oem4f (.text:ti_sysbios_knl_Queue_Object__get__S)
                  00006188    0000000c     sysbios.aem4f : BIOS.obj (.text:ti_sysbios_knl_Queue_dequeue__E)
                  00006194    00000004     --HOLE-- [fill = 0]
                  00006198    0000000c                   : BIOS.obj (.text:ti_sysbios_knl_Queue_enqueue__E)
                  000061a4    0000000c     empty_pem4f.oem4f (.text:ti_sysbios_knl_Semaphore_Params__init__S)
                  000061b0    0000000c     empty.obj (.text:ti_sysbios_knl_Semaphore_handle)
                  000061bc    0000000c     empty_pem4f.oem4f (.text:ti_sysbios_knl_Task_Params__init__S)
                  000061c8    0000000c     ti.targets.arm.rtsarm.aem4f : Error.oem4f (.text:xdc_runtime_Error_init__E)
                  000061d4    0000000c                                 : Gate.oem4f (.text:xdc_runtime_Gate_enterSystem__E)
                  000061e0    0000000c                                 : Memory.oem4f (.text:xdc_runtime_Memory_calloc__E)
                  000061ec    0000000c                                 : Memory.oem4f (.text:xdc_runtime_Memory_getMaxDefaultTypeAlign__E)
                  000061f8    0000000a     driverlib.lib : adc.obj (.text:ADCIntClear)
                  00006202    0000000a     empty_pem4f.oem4f (.text:xdc_runtime_IHeap_alloc)
                  0000620c    0000000a     empty_pem4f.oem4f (.text:xdc_runtime_IHeap_free)
                  00006216    00000008     sysbios.aem4f : BIOS.obj (.text:ti_sysbios_family_arm_lm4_Timer_masterDisable__I)
                  0000621e    00000002     --HOLE-- [fill = 0]
                  00006220    00000008                   : BIOS.obj (.text:ti_sysbios_family_arm_m3_Hwi_doSwiRestore__I)
                  00006228    00000008                   : BIOS.obj (.text:ti_sysbios_family_arm_m3_Hwi_startup__E)
                  00006230    00000006                   : BIOS.obj (.text:ti_sysbios_family_arm_m3_Hwi_doTaskRestore__I)
                  00006236    00000002     --HOLE-- [fill = 0]
                  00006238    00000006                   : BIOS.obj (.text:ti_sysbios_gates_GateHwi_leave__E)
                  0000623e    00000002     --HOLE-- [fill = 0]
                  00006240    00000006                   : BIOS.obj (.text:ti_sysbios_heaps_HeapMem_isBlocking__E)
                  00006246    00000002     --HOLE-- [fill = 0]
                  00006248    00000006                   : BIOS.obj (.text:ti_sysbios_knl_Queue_Instance_init__E)
                  0000624e    00000002     --HOLE-- [fill = 0]
                  00006250    00000006                   : BIOS.obj (.text:ti_sysbios_knl_Swi_startup__E)
                  00006256    00000002     --HOLE-- [fill = 0]
                  00006258    00000004                   : BIOS.obj (.text:ti_sysbios_gates_GateHwi_query__E)
                  0000625c    00000004     --HOLE-- [fill = 0]
                  00006260    00000004                   : BIOS.obj (.text:ti_sysbios_gates_GateMutex_query__E)
                  00006264    00000004     --HOLE-- [fill = 0]
                  00006268    00000004                   : BIOS.obj (.text:ti_sysbios_knl_Task_startup__E)
                  0000626c    00000004     --HOLE-- [fill = 0]
                  00006270    00000002                   : BIOS.obj (.text:ti_sysbios_gates_GateHwi_Instance_init__E)
                  00006272    00000006     --HOLE-- [fill = 0]
                  00006278    00000002                   : BIOS.obj (.text:ti_sysbios_knl_Clock_logTick__E)

.const     0    0000627c    000020f0     
                  0000627c    00001861     empty_pem4f.oem4f (.const:xdc_runtime_Text_charTab__A)
                  00007add    00000001     empty_pem4f.oem4f (.const:xdc_runtime_Error_policy__C)
                  00007ade    00000002     empty_pem4f.oem4f (.const:ti_catalog_arm_cortexm4_tiva_ce_Boot_Module__id__C)
                  00007ae0    00000120     Boot.aem4f : Boot_sysctl.oem4f (.const:g_pppui32XTALtoVCO)
                  00007c00    00000101     rtsv7M4_T_le_v4SPD16_eabi.lib : ctype.c.obj (.const:.string:_ctypes_)
                  00007d01    00000001     --HOLE-- [fill = 0]
                  00007d02    000000bc     empty_pem4f.oem4f (.const:xdc_runtime_Text_nodeTab__A)
                  00007dbe    00000002     empty_pem4f.oem4f (.const:ti_sysbios_family_arm_m3_Hwi_Module__id__C)
                  00007dc0    00000090     driverlib.lib : gpio.obj (.const:g_pui32GPIOBaseAddrs)
                  00007e50    0000006c     Boot.aem4f : Boot_sysctl.oem4f (.const:g_pui32Xtals)
                  00007ebc    00000048     empty_pem4f.oem4f (.const:.string)
                  00007f04    0000003c     empty_pem4f.oem4f (.const:ti_sysbios_knl_Task_Object__PARAMS__C)
                  00007f40    00000030     Boot.aem4f : Boot_sysctl.oem4f (.const:g_sXTALtoMEMTIM)
                  00007f70    00000028     empty_pem4f.oem4f (.const:ti_sysbios_heaps_HeapMem_Module__FXNS__C)
                  00007f98    00000024     empty_pem4f.oem4f (.const:ti_sysbios_gates_GateHwi_Module__FXNS__C)
                  00007fbc    00000024     empty_pem4f.oem4f (.const:ti_sysbios_gates_GateMutex_Module__FXNS__C)
                  00007fe0    00000024     empty_pem4f.oem4f (.const:ti_sysbios_heaps_HeapMem_Object__PARAMS__C)
                  00008004    00000024     empty_pem4f.oem4f (.const:ti_sysbios_knl_Semaphore_Object__PARAMS__C)
                  00008028    00000020     empty_pem4f.oem4f (.const:ti_sysbios_gates_GateHwi_Object__DESC__C)
                  00008048    00000020     empty_pem4f.oem4f (.const:ti_sysbios_gates_GateMutex_Object__DESC__C)
                  00008068    00000020     empty_pem4f.oem4f (.const:ti_sysbios_heaps_HeapMem_Object__DESC__C)
                  00008088    00000020     empty_pem4f.oem4f (.const:ti_sysbios_knl_Queue_Object__DESC__C)
                  000080a8    00000020     empty_pem4f.oem4f (.const:ti_sysbios_knl_Semaphore_Object__DESC__C)
                  000080c8    00000020     empty_pem4f.oem4f (.const:ti_sysbios_knl_Task_Object__DESC__C)
                  000080e8    00000020     empty_pem4f.oem4f (.const:xdc_runtime_Startup_sfxnTab__A)
                  00008108    00000018     empty_pem4f.oem4f (.const:ti_sysbios_gates_GateHwi_Object__PARAMS__C)
                  00008120    00000018     empty_pem4f.oem4f (.const:ti_sysbios_gates_GateMutex_Object__PARAMS__C)
                  00008138    00000018     empty_pem4f.oem4f (.const:ti_sysbios_knl_Queue_Object__PARAMS__C)
                  00008150    00000014     empty_pem4f.oem4f (.const:xdc_runtime_Startup_firstFxns__A)
                  00008164    00000010     key_board_lib.obj (.const:$P$T0$1)
                  00008174    00000010     empty_pem4f.oem4f (.const:xdc_runtime_Startup_sfxnRts__A)
                  00008184    00000008     Boot.aem4f : Boot_sysctl.oem4f (.const)
                  0000818c    00000008     empty_pem4f.oem4f (.const:ti_sysbios_family_arm_m3_Hwi_excHookFuncs__A)
                  00008194    00000008     empty_pem4f.oem4f (.const:ti_sysbios_knl_Idle_funcList__C)
                  0000819c    00000008     empty_pem4f.oem4f (.const:xdc_runtime_Startup_firstFxns__C)
                  000081a4    00000008     empty_pem4f.oem4f (.const:xdc_runtime_Startup_lastFxns__C)
                  000081ac    00000004     empty_pem4f.oem4f (.const:ti_catalog_arm_cortexm4_tiva_ce_Boot_A_mustNotUseEnhancedClockMode__C)
                  000081b0    00000004     empty_pem4f.oem4f (.const:ti_catalog_arm_cortexm4_tiva_ce_Boot_Module__diagsEnabled__C)
                  000081b4    00000004     empty_pem4f.oem4f (.const:ti_catalog_arm_cortexm4_tiva_ce_Boot_Module__diagsIncluded__C)
                  000081b8    00000004     empty_pem4f.oem4f (.const:ti_catalog_arm_cortexm4_tiva_ce_Boot_Module__diagsMask__C)
                  000081bc    00000004     empty_pem4f.oem4f (.const:ti_sysbios_family_arm_lm4_Timer_enableFunc__C)
                  000081c0    00000004     empty_pem4f.oem4f (.const:ti_sysbios_family_arm_lm4_Timer_numTimerDevices__C)
                  000081c4    00000004     empty_pem4f.oem4f (.const:ti_sysbios_family_arm_lm4_Timer_startupNeeded__C)
                  000081c8    00000004     empty_pem4f.oem4f (.const:ti_sysbios_family_arm_m3_Hwi_E_NMI__C)
                  000081cc    00000004     empty_pem4f.oem4f (.const:ti_sysbios_family_arm_m3_Hwi_E_busFault__C)
                  000081d0    00000004     empty_pem4f.oem4f (.const:ti_sysbios_family_arm_m3_Hwi_E_debugMon__C)
                  000081d4    00000004     empty_pem4f.oem4f (.const:ti_sysbios_family_arm_m3_Hwi_E_hardFault__C)
                  000081d8    00000004     empty_pem4f.oem4f (.const:ti_sysbios_family_arm_m3_Hwi_E_memFault__C)
                  000081dc    00000004     empty_pem4f.oem4f (.const:ti_sysbios_family_arm_m3_Hwi_E_noIsr__C)
                  000081e0    00000004     empty_pem4f.oem4f (.const:ti_sysbios_family_arm_m3_Hwi_E_reserved__C)
                  000081e4    00000004     empty_pem4f.oem4f (.const:ti_sysbios_family_arm_m3_Hwi_E_svCall__C)
                  000081e8    00000004     empty_pem4f.oem4f (.const:ti_sysbios_family_arm_m3_Hwi_E_usageFault__C)
                  000081ec    00000004     empty_pem4f.oem4f (.const:ti_sysbios_family_arm_m3_Hwi_NUM_INTERRUPTS__C)
                  000081f0    00000004     empty_pem4f.oem4f (.const:ti_sysbios_family_arm_m3_Hwi_Object__count__C)
                  000081f4    00000004     empty_pem4f.oem4f (.const:ti_sysbios_family_arm_m3_Hwi_ccr__C)
                  000081f8    00000004     empty_pem4f.oem4f (.const:ti_sysbios_family_arm_m3_Hwi_excHandlerFunc__C)
                  000081fc    00000004     empty_pem4f.oem4f (.const:ti_sysbios_family_arm_m3_Hwi_excHookFuncs__C)
                  00008200    00000004     empty_pem4f.oem4f (.const:ti_sysbios_family_arm_m3_Hwi_nullIsrFunc__C)
                  00008204    00000004     empty_pem4f.oem4f (.const:ti_sysbios_family_arm_m3_Hwi_priGroup__C)
                  00008208    00000004     empty_pem4f.oem4f (.const:ti_sysbios_family_arm_m3_TaskSupport_stackAlignment__C)
                  0000820c    00000004     empty_pem4f.oem4f (.const:ti_sysbios_gates_GateMutex_A_badContext__C)
                  00008210    00000004     empty_pem4f.oem4f (.const:ti_sysbios_gates_GateMutex_Instance_State_sem__O)
                  00008214    00000004     empty_pem4f.oem4f (.const:ti_sysbios_gates_GateMutex_Module__diagsEnabled__C)
                  00008218    00000004     empty_pem4f.oem4f (.const:ti_sysbios_gates_GateMutex_Module__diagsIncluded__C)
                  0000821c    00000004     empty_pem4f.oem4f (.const:ti_sysbios_gates_GateMutex_Module__diagsMask__C)
                  00008220    00000004     empty_pem4f.oem4f (.const:ti_sysbios_hal_Hwi_E_stackOverflow__C)
                  00008224    00000004     empty_pem4f.oem4f (.const:ti_sysbios_heaps_HeapMem_A_align__C)
                  00008228    00000004     empty_pem4f.oem4f (.const:ti_sysbios_heaps_HeapMem_A_heapSize__C)
                  0000822c    00000004     empty_pem4f.oem4f (.const:ti_sysbios_heaps_HeapMem_A_invalidFree__C)
                  00008230    00000004     empty_pem4f.oem4f (.const:ti_sysbios_heaps_HeapMem_A_zeroBlock__C)
                  00008234    00000004     empty_pem4f.oem4f (.const:ti_sysbios_heaps_HeapMem_E_memory__C)
                  00008238    00000004     empty_pem4f.oem4f (.const:ti_sysbios_heaps_HeapMem_Module__diagsEnabled__C)
                  0000823c    00000004     empty_pem4f.oem4f (.const:ti_sysbios_heaps_HeapMem_Module__diagsIncluded__C)
                  00008240    00000004     empty_pem4f.oem4f (.const:ti_sysbios_heaps_HeapMem_Module__diagsMask__C)
                  00008244    00000004     empty_pem4f.oem4f (.const:ti_sysbios_heaps_HeapMem_Module__gateObj__C)
                  00008248    00000004     empty_pem4f.oem4f (.const:ti_sysbios_heaps_HeapMem_Object__count__C)
                  0000824c    00000004     empty_pem4f.oem4f (.const:ti_sysbios_heaps_HeapMem_reqAlign__C)
                  00008250    00000004     empty_pem4f.oem4f (.const:ti_sysbios_knl_Clock_Module_State_clockQ__O)
                  00008254    00000004     empty_pem4f.oem4f (.const:ti_sysbios_knl_Clock_tickPeriod__C)
                  00008258    00000004     empty_pem4f.oem4f (.const:ti_sysbios_knl_Idle_funcList__A)
                  0000825c    00000004     empty_pem4f.oem4f (.const:ti_sysbios_knl_Semaphore_A_badContext__C)
                  00008260    00000004     empty_pem4f.oem4f (.const:ti_sysbios_knl_Semaphore_A_noEvents__C)
                  00008264    00000004     empty_pem4f.oem4f (.const:ti_sysbios_knl_Semaphore_A_overflow__C)
                  00008268    00000004     empty_pem4f.oem4f (.const:ti_sysbios_knl_Semaphore_A_pendTaskDisabled__C)
                  0000826c    00000004     empty_pem4f.oem4f (.const:ti_sysbios_knl_Semaphore_Instance_State_pendQ__O)
                  00008270    00000004     empty_pem4f.oem4f (.const:ti_sysbios_knl_Semaphore_Module__diagsEnabled__C)
                  00008274    00000004     empty_pem4f.oem4f (.const:ti_sysbios_knl_Semaphore_Module__diagsIncluded__C)
                  00008278    00000004     empty_pem4f.oem4f (.const:ti_sysbios_knl_Semaphore_Module__diagsMask__C)
                  0000827c    00000004     empty_pem4f.oem4f (.const:ti_sysbios_knl_Swi_Object__count__C)
                  00008280    00000004     empty_pem4f.oem4f (.const:ti_sysbios_knl_Task_A_badPriority__C)
                  00008284    00000004     empty_pem4f.oem4f (.const:ti_sysbios_knl_Task_A_badTaskState__C)
                  00008288    00000004     empty_pem4f.oem4f (.const:ti_sysbios_knl_Task_A_badThreadType__C)
                  0000828c    00000004     empty_pem4f.oem4f (.const:ti_sysbios_knl_Task_A_badTimeout__C)
                  00008290    00000004     empty_pem4f.oem4f (.const:ti_sysbios_knl_Task_A_noPendElem__C)
                  00008294    00000004     empty_pem4f.oem4f (.const:ti_sysbios_knl_Task_A_sleepTaskDisabled__C)
                  00008298    00000004     empty_pem4f.oem4f (.const:ti_sysbios_knl_Task_E_spOutOfBounds__C)
                  0000829c    00000004     empty_pem4f.oem4f (.const:ti_sysbios_knl_Task_E_stackOverflow__C)
                  000082a0    00000004     empty_pem4f.oem4f (.const:ti_sysbios_knl_Task_Module_State_inactiveQ__O)
                  000082a4    00000004     empty_pem4f.oem4f (.const:ti_sysbios_knl_Task_Module__diagsEnabled__C)
                  000082a8    00000004     empty_pem4f.oem4f (.const:ti_sysbios_knl_Task_Module__diagsIncluded__C)
                  000082ac    00000004     empty_pem4f.oem4f (.const:ti_sysbios_knl_Task_Module__diagsMask__C)
                  000082b0    00000004     empty_pem4f.oem4f (.const:ti_sysbios_knl_Task_Object__count__C)
                  000082b4    00000004     empty_pem4f.oem4f (.const:ti_sysbios_knl_Task_allBlockedFunc__C)
                  000082b8    00000004     empty_pem4f.oem4f (.const:ti_sysbios_knl_Task_defaultStackHeap__C)
                  000082bc    00000004     empty_pem4f.oem4f (.const:ti_sysbios_knl_Task_defaultStackSize__C)
                  000082c0    00000004     empty_pem4f.oem4f (.const:ti_sysbios_knl_Task_numConstructedTasks__C)
                  000082c4    00000004     empty_pem4f.oem4f (.const:xdc_runtime_Assert_E_assertFailed__C)
                  000082c8    00000004     empty_pem4f.oem4f (.const:xdc_runtime_Core_A_initializedParams__C)
                  000082cc    00000004     empty_pem4f.oem4f (.const:xdc_runtime_Core_Module__diagsEnabled__C)
                  000082d0    00000004     empty_pem4f.oem4f (.const:xdc_runtime_Core_Module__diagsIncluded__C)
                  000082d4    00000004     empty_pem4f.oem4f (.const:xdc_runtime_Core_Module__diagsMask__C)
                  000082d8    00000004     empty_pem4f.oem4f (.const:xdc_runtime_Error_E_memory__C)
                  000082dc    00000004     empty_pem4f.oem4f (.const:xdc_runtime_Error_Module__diagsEnabled__C)
                  000082e0    00000004     empty_pem4f.oem4f (.const:xdc_runtime_Error_Module__diagsIncluded__C)
                  000082e4    00000004     empty_pem4f.oem4f (.const:xdc_runtime_Error_Module__diagsMask__C)
                  000082e8    00000004     empty_pem4f.oem4f (.const:xdc_runtime_Error_Module__loggerFxn8__C)
                  000082ec    00000004     empty_pem4f.oem4f (.const:xdc_runtime_Error_Module__loggerObj__C)
                  000082f0    00000004     empty_pem4f.oem4f (.const:xdc_runtime_Error_policyFxn__C)
                  000082f4    00000004     empty_pem4f.oem4f (.const:xdc_runtime_Error_raiseHook__C)
                  000082f8    00000004     empty_pem4f.oem4f (.const:xdc_runtime_IGateProvider_Interface__BASE__C)
                  000082fc    00000004     empty_pem4f.oem4f (.const:xdc_runtime_IHeap_Interface__BASE__C)
                  00008300    00000004     empty_pem4f.oem4f (.const:xdc_runtime_IModule_Interface__BASE__C)
                  00008304    00000004     empty_pem4f.oem4f (.const:xdc_runtime_Log_L_error__C)
                  00008308    00000004     empty_pem4f.oem4f (.const:xdc_runtime_Memory_defaultHeapInstance__C)
                  0000830c    00000004     empty_pem4f.oem4f (.const:xdc_runtime_Startup_execImpl__C)
                  00008310    00000004     empty_pem4f.oem4f (.const:xdc_runtime_Startup_maxPasses__C)
                  00008314    00000004     empty_pem4f.oem4f (.const:xdc_runtime_Startup_sfxnRts__C)
                  00008318    00000004     empty_pem4f.oem4f (.const:xdc_runtime_Startup_sfxnTab__C)
                  0000831c    00000004     empty_pem4f.oem4f (.const:xdc_runtime_SysMin_bufSize__C)
                  00008320    00000004     empty_pem4f.oem4f (.const:xdc_runtime_SysMin_outputFunc__C)
                  00008324    00000004     empty_pem4f.oem4f (.const:xdc_runtime_System_Module__gateObj__C)
                  00008328    00000004     empty_pem4f.oem4f (.const:xdc_runtime_System_abortFxn__C)
                  0000832c    00000004     empty_pem4f.oem4f (.const:xdc_runtime_System_exitFxn__C)
                  00008330    00000004     empty_pem4f.oem4f (.const:xdc_runtime_System_extendFxn__C)
                  00008334    00000004     empty_pem4f.oem4f (.const:xdc_runtime_System_maxAtexitHandlers__C)
                  00008338    00000004     empty_pem4f.oem4f (.const:xdc_runtime_Text_charTab__C)
                  0000833c    00000004     empty_pem4f.oem4f (.const:xdc_runtime_Text_nameEmpty__C)
                  00008340    00000004     empty_pem4f.oem4f (.const:xdc_runtime_Text_nameStatic__C)
                  00008344    00000004     empty_pem4f.oem4f (.const:xdc_runtime_Text_nameUnknown__C)
                  00008348    00000004     empty_pem4f.oem4f (.const:xdc_runtime_Text_nodeTab__C)
                  0000834c    00000004     empty_pem4f.oem4f (.const:xdc_runtime_Text_visitRopeFxn__C)
                  00008350    00000002     empty_pem4f.oem4f (.const:ti_sysbios_gates_GateMutex_Module__id__C)
                  00008352    00000002     empty_pem4f.oem4f (.const:ti_sysbios_hal_Hwi_Module__id__C)
                  00008354    00000002     empty_pem4f.oem4f (.const:ti_sysbios_heaps_HeapMem_Module__id__C)
                  00008356    00000002     empty_pem4f.oem4f (.const:ti_sysbios_knl_Semaphore_Module__id__C)
                  00008358    00000002     empty_pem4f.oem4f (.const:ti_sysbios_knl_Task_Module__id__C)
                  0000835a    00000002     empty_pem4f.oem4f (.const:xdc_runtime_Core_Module__id__C)
                  0000835c    00000002     empty_pem4f.oem4f (.const:xdc_runtime_Error_Module__loggerDefined__C)
                  0000835e    00000002     empty_pem4f.oem4f (.const:xdc_runtime_Error_maxDepth__C)
                  00008360    00000002     empty_pem4f.oem4f (.const:xdc_runtime_Memory_Module__id__C)
                  00008362    00000002     empty_pem4f.oem4f (.const:xdc_runtime_SysMin_flushAtExit__C)
                  00008364    00000002     empty_pem4f.oem4f (.const:xdc_runtime_Text_charCnt__C)
                  00008366    00000002     empty_pem4f.oem4f (.const:xdc_runtime_Text_isLoaded__C)
                  00008368    00000002     empty_pem4f.oem4f (.const:xdc_runtime_Text_registryModsLastId__C)
                  0000836a    00000002     empty_pem4f.oem4f (.const:xdc_runtime_Text_unnamedModsLastId__C)

.cinit     0    00008370    000001f8     
                  00008370    000001c1     (.cinit..data.load) [load image, compression = lzss]
                  00008531    00000003     --HOLE-- [fill = 0]
                  00008534    0000000c     (__TI_handler_table)
                  00008540    00000008     (.cinit..bss.load) [load image, compression = zero_init]
                  00008548    00000008     (.cinit..vecs.load) [load image, compression = zero_init]
                  00008550    00000018     (__TI_cinit_table)

.init_array 
*          0    00000000    00000000     UNINITIALIZED

.resetVecs 
*          0    00000000    0000003c     
                  00000000    0000003c     empty_pem4f.oem4f (.resetVecs)

.bss       0    20000360    00001474     UNINITIALIZED
                  20000360    00000400     (.common:ti_sysbios_heaps_HeapMem_Instance_State_0_buf__A)
                  20000760    00000360     (.common:ti_sysbios_family_arm_m3_Hwi_dispatchTable)
                  20000ac0    00000200     empty_pem4f.oem4f (.bss:taskStackSection)
                  20000cc0    00000200     (.common:task1Stack)
                  20000ec0    00000200     (.common:task2Stack)
                  200010c0    00000200     (.common:task3Stack)
                  200012c0    00000200     (.common:task4Stack)
                  200014c0    00000120     rtsv7M4_T_le_v4SPD16_eabi.lib : trgmsg.c.obj (.bss:_CIOBUF_)
                  200015e0    00000080     (.common:xdc_runtime_SysMin_Module_State_0_outbuf__A)
                  20001660    00000050     (.common:task1Struct)
                  200016b0    00000050     (.common:task2Struct)
                  20001700    00000050     (.common:task3Struct)
                  20001750    00000050     (.common:task4Struct)
                  200017a0    0000001c     (.common:semStruct)
                  200017bc    00000008     (.common:parmbuf)
                  200017c4    00000004     (.common:int16_t_set_point)
                  200017c8    00000004     (.common:semHandle)
                  200017cc    00000004     (.common:str_keys)
                  200017d0    00000004     (.common:temperaturaADC)

.data      0    200017d4    000003f4     UNINITIALIZED
                  200017d4    00000080     empty_pem4f.oem4f (.data:ti_sysbios_knl_Swi_Module_State_0_readyQ__A)
                  20001854    00000080     empty_pem4f.oem4f (.data:ti_sysbios_knl_Task_Module_State_0_readyQ__A)
                  200018d4    0000004c     empty_pem4f.oem4f (.data:ti_sysbios_knl_Task_Object__table__V)
                  20001920    00000044     empty_pem4f.oem4f (.data:ti_sysbios_knl_Task_Module__state__V)
                  20001964    00000040     empty_pem4f.oem4f (.data:ti_sysbios_family_arm_lm4_Timer_Module_State_0_device__A)
                  200019a4    00000040     empty_pem4f.oem4f (.data:ti_sysbios_family_arm_lm4_Timer_Object__table__V)
                  200019e4    00000038     empty_pem4f.oem4f (.data:ti_sysbios_gates_GateMutex_Object__table__V)
                  20001a1c    00000034     empty_pem4f.oem4f (.data:ti_sysbios_family_arm_m3_Hwi_Module__state__V)
                  20001a50    00000030     empty_pem4f.oem4f (.data:ti_sysbios_knl_Swi_Object__table__V)
                  20001a80    0000002c     empty_pem4f.oem4f (.data:ti_sysbios_knl_Clock_Module__state__V)
                  20001aac    00000024     empty_pem4f.oem4f (.data:ti_sysbios_BIOS_Module__state__V)
                  20001ad0    00000020     empty_pem4f.oem4f (.data:ti_sysbios_family_arm_lm4_Timer_Module_State_0_handles__A)
                  20001af0    0000001c     empty_pem4f.oem4f (.data:ti_sysbios_knl_Swi_Module__state__V)
                  20001b0c    00000018     empty_pem4f.oem4f (.data:ti_sysbios_family_arm_m3_Hwi_Object__table__V)
                  20001b24    00000018     empty_pem4f.oem4f (.data:ti_sysbios_heaps_HeapMem_Object__table__V)
                  20001b3c    0000000c     empty_pem4f.oem4f (.data:ti_sysbios_family_arm_lm4_Timer_Module__state__V)
                  20001b48    0000000c     empty_pem4f.oem4f (.data:xdc_runtime_SysMin_Module__state__V)
                  20001b54    00000008     rtsv7M4_T_le_v4SPD16_eabi.lib : _lock.c.obj (.data:$O1$$)
                  20001b5c    00000008     empty_pem4f.oem4f (.data:ti_sysbios_gates_GateHwi_Module__root__V)
                  20001b64    00000008     empty_pem4f.oem4f (.data:ti_sysbios_gates_GateMutex_Module__root__V)
                  20001b6c    00000008     empty_pem4f.oem4f (.data:ti_sysbios_heaps_HeapMem_Module__root__V)
                  20001b74    00000008     empty_pem4f.oem4f (.data:ti_sysbios_knl_Queue_Module__root__V)
                  20001b7c    00000008     empty_pem4f.oem4f (.data:ti_sysbios_knl_Semaphore_Module__root__V)
                  20001b84    00000008     empty_pem4f.oem4f (.data:ti_sysbios_knl_Task_Module__root__V)
                  20001b8c    00000008     empty_pem4f.oem4f (.data:xdc_runtime_Registry_Module__state__V)
                  20001b94    00000008     empty_pem4f.oem4f (.data:xdc_runtime_Startup_Module__state__V)
                  20001b9c    00000008     empty_pem4f.oem4f (.data:xdc_runtime_System_Module_State_0_atexitHandlers__A)
                  20001ba4    00000008     empty_pem4f.oem4f (.data:xdc_runtime_System_Module__state__V)
                  20001bac    00000004     rtsv7M4_T_le_v4SPD16_eabi.lib : stkdepth_vars.c.obj (.data)
                  20001bb0    00000004     empty_pem4f.oem4f (.data:ti_sysbios_family_arm_m3_Hwi_Module_State_0_excContext__A)
                  20001bb4    00000004     empty_pem4f.oem4f (.data:ti_sysbios_family_arm_m3_Hwi_Module_State_0_excStack__A)
                  20001bb8    00000004     empty_pem4f.oem4f (.data:ti_sysbios_gates_GateHwi_Object__table__V)
                  20001bbc    00000004     empty_pem4f.oem4f (.data:ti_sysbios_knl_Task_Module_State_0_idleTask__A)
                  20001bc0    00000004     empty_pem4f.oem4f (.data:xdc_runtime_Memory_Module__state__V)
                  20001bc4    00000002     empty_pem4f.oem4f (.data:ti_sysbios_family_arm_m3_Hwi_Module_State_0_excActive__A)
                  20001bc6    00000002     empty_pem4f.oem4f (.data:xdc_runtime_Error_Module__state__V)

.stack     0    20001bc8    00000300     UNINITIALIZED
                  20001bc8    00000300     --HOLE--

.bootVecs 
*          0    00000000    00000008     DSECT
                  00000000    00000008     boot.aem4f : boot.oem4f (.bootVecs)

.vecs      0    20000000    00000360     UNINITIALIZED
                  20000000    00000360     empty_pem4f.oem4f (.vecs)

xdc.meta   0    00000000    00000115     COPY SECTION
                  00000000    00000115     empty_pem4f.oem4f (xdc.meta)

__llvm_prf_cnts 
*          0    20000000    00000000     UNINITIALIZED

MODULE SUMMARY

       Module                       code    ro data   rw data
       ------                       ----    -------   -------
    .\
       empty.obj                    2004    0         2412   
       lcd_lib.obj                  614     0         0      
       key_board_lib.obj            380     16        0      
       EK_TM4C1294XL.obj            184     0         0      
    +--+----------------------------+-------+---------+---------+
       Total:                       3182    16        2412   
                                                             
    C:\Users\marco\Desktop\2019.2\Sistemas Operacionais - IF66D\Projeto Final\projetos\Principal\Debug\configPkg\package\cfg\
       empty_pem4f.oem4f            1606    7622      4392   
    +--+----------------------------+-------+---------+---------+
       Total:                       1606    7622      4392   
                                                             
    C:/ti/tirtos_tivac_2_16_00_08/products/TivaWare_C_Series-2.1.1.71b/driverlib/ccs/Debug/driverlib.lib
       gpio.obj                     508     144       0      
       adc.obj                      322     0         0      
       pwm.obj                      128     0         0      
       sysctl.obj                   128     0         0      
    +--+----------------------------+-------+---------+---------+
       Total:                       1086    144       0      
                                                             
    C:\Users\marco\Desktop\2019.2\Sistemas Operacionais - IF66D\Projeto Final\projetos\Principal\src\sysbios\sysbios.aem4f
       BIOS.obj                     11728   0         0      
       m3_Hwi_asm.obj               314     0         0      
       m3_TaskSupport_asm.obj       180     0         0      
       m3_Hwi_asm_switch.obj        118     0         0      
    +--+----------------------------+-------+---------+---------+
       Total:                       12340   0         0      
                                                             
    C:\ti\ccs910\ccs\tools\compiler\ti-cgt-arm_19.6.0.STS\lib\rtsv7M4_T_le_v4SPD16_eabi.lib
       trgmsg.c.obj                 108     0         288    
       fd_div_t2.asm.obj            310     0         0      
       ctype.c.obj                  0       257       0      
       fd_mul_t2.asm.obj            252     0         0      
       memcpy_t2.asm.obj            156     0         0      
       memset_t2.asm.obj            122     0         0      
       fd_tos_t2.asm.obj            110     0         0      
       copy_decompress_lzss.c.obj   104     0         0      
       hostwrite.c.obj              88      0         0      
       atoi.c.obj                   76      0         0      
       cpy_tbl.c.obj                76      0         0      
       u_divt2.asm.obj              64      0         0      
       fs_tod_t2.asm.obj            56      0         0      
       ull_tofs_t2.asm.obj          54      0         0      
       _lock.c.obj                  26      0         8      
       strcat.c.obj                 30      0         0      
       args_main.c.obj              24      0         0      
       strcpy.c.obj                 20      0         0      
       strlen.c.obj                 20      0         0      
       copy_decompress_none.c.obj   14      0         0      
       copy_zero_init.c.obj         12      0         0      
       hostopen.c.obj               0       0         8      
       exit.c.obj                   4       0         0      
       stkdepth_vars.c.obj          0       0         4      
       div0.asm.obj                 2       0         0      
    +--+----------------------------+-------+---------+---------+
       Total:                       1728    257       308    
                                                             
    C:\ti\tirtos_tivac_2_16_00_08\products\bios_6_45_01_29\packages\ti\catalog\arm\cortexm4\tiva\ce\lib\Boot.aem4f
       Boot_sysctl.oem4f            628     452       0      
       Boot.oem4f                   152     0         0      
    +--+----------------------------+-------+---------+---------+
       Total:                       780     452       0      
                                                             
    C:\ti\tirtos_tivac_2_16_00_08\products\bios_6_45_01_29\packages\ti\targets\arm\rtsarm\lib\auto_init.aem4f
       auto_init.oem4f              160     0         0      
    +--+----------------------------+-------+---------+---------+
       Total:                       160     0         0      
                                                             
    C:\ti\tirtos_tivac_2_16_00_08\products\bios_6_45_01_29\packages\ti\targets\arm\rtsarm\lib\boot.aem4f
       boot.oem4f                   88      0         0      
    +--+----------------------------+-------+---------+---------+
       Total:                       88      0         0      
                                                             
    C:\ti\tirtos_tivac_2_16_00_08\products\bios_6_45_01_29\packages\ti\targets\arm\rtsarm\lib\ti.targets.arm.rtsarm.aem4f
       System.oem4f                 1255    0         0      
       Text.oem4f                   672     0         0      
       Error.oem4f                  524     0         0      
       Core-mem.oem4f               358     0         0      
       Startup.oem4f                328     0         0      
       SysMin.oem4f                 248     0         0      
       Core-smem.oem4f              204     0         0      
       Memory.oem4f                 176     0         0      
       Assert.oem4f                 84      0         0      
       Core-params.oem4f            70      0         0      
       Core-label.oem4f             52      0         0      
       Registry.oem4f               32      0         0      
       Gate.oem4f                   28      0         0      
    +--+----------------------------+-------+---------+---------+
       Total:                       4031    0         0      
                                                             
       Stack:                       0       0         768    
       Linker Generated:            0       501       0      
    +--+----------------------------+-------+---------+---------+
       Grand Total:                 25001   8992      7880   


LINKER GENERATED COPY TABLES

__TI_cinit_table @ 00008550 records: 3, size/record: 8, table size: 24
	.data: load addr=00008370, load size=000001c1 bytes, run addr=200017d4, run size=000003f4 bytes, compression=lzss
	.bss: load addr=00008540, load size=00000008 bytes, run addr=20000360, run size=00001474 bytes, compression=zero_init
	.vecs: load addr=00008548, load size=00000008 bytes, run addr=20000000, run size=00000360 bytes, compression=zero_init


LINKER GENERATED HANDLER TABLE

__TI_handler_table @ 00008534 records: 3, size/record: 4, table size: 12
	index: 0, handler: __TI_decompress_lzss
	index: 1, handler: __TI_decompress_none
	index: 2, handler: __TI_zero_init


GLOBAL SYMBOLS: SORTED ALPHABETICALLY BY Name 

address   name                                                                 
-------   ----                                                                 
000061f9  ADCIntClear                                                          
000056c9  ADCIntStatus                                                         
00005d55  ADCProcessorTrigger                                                  
00004fb9  ADCSequenceConfigure                                                 
00005b49  ADCSequenceDataGet                                                   
000060c1  ADCSequenceDisable                                                   
000060cf  ADCSequenceEnable                                                    
00003e05  ADCSequenceStepConfigure                                             
00000aad  C$$EXIT                                                              
0000511b  C$$IO$$                                                              
0000335d  EK_TM4C1294XL_initGeneral                                            
000057a9  GPIODirModeSet                                                       
00002665  GPIOPadConfigSet                                                     
00004c75  GPIOPinConfigure                                                     
000031db  GPIOPinRead                                                          
00005f4d  GPIOPinTypeADC                                                       
00005f5f  GPIOPinTypeGPIOInput                                                 
00005d6d  GPIOPinTypeGPIOOutput                                                
00005f71  GPIOPinTypePWM                                                       
00004333  GPIOPinWrite                                                         
00004759  HOSTwrite                                                            
000047b1  LcdChar                                                              
00004405  LcdCmd                                                               
00003115  LcdStr                                                               
00005999  PWMGenConfigure                                                      
0000610f  PWMGenEnable                                                         
00005f83  PWMGenPeriodGet                                                      
00005fdd  PWMGenPeriodSet                                                      
00005f95  PWMOutputState                                                       
00005b67  PWMPulseWidthSet                                                     
UNDEFED   SHT$$INIT_ARRAY$$Base                                                
UNDEFED   SHT$$INIT_ARRAY$$Limit                                               
00005ebd  SysCtlPWMClockSet                                                    
000052b1  SysCtlPeripheralEnable                                               
000050b5  SysCtlPeripheralReady                                                
00000000  __ASM__                                                              
200014c0  __CIOBUF_                                                            
00000093  __ISA__                                                              
000000a6  __PLAT__                                                             
20001ec8  __STACK_END                                                          
00000300  __STACK_SIZE                                                         
000000c7  __TARG__                                                             
00008550  __TI_CINIT_Base                                                      
00008568  __TI_CINIT_Limit                                                     
00008534  __TI_Handler_Table_Base                                              
00008540  __TI_Handler_Table_Limit                                             
00003789  __TI_auto_init                                                       
00004265  __TI_decompress_lzss                                                 
000060dd  __TI_decompress_none                                                 
ffffffff  __TI_pprof_out_hndl                                                  
ffffffff  __TI_prof_data_size                                                  
ffffffff  __TI_prof_data_start                                                 
000052e5  __TI_readmsg                                                         
00008370  __TI_static_base__                                                   
000050ed  __TI_writemsg                                                        
00006135  __TI_zero_init                                                       
000000ed  __TRDR__                                                             
00003fd9  __aeabi_d2f                                                          
000022c5  __aeabi_ddiv                                                         
000029ad  __aeabi_dmul                                                         
0000515d  __aeabi_f2d                                                          
00003b3f  __aeabi_idiv0                                                        
00003b3f  __aeabi_ldiv0                                                        
00003e7f  __aeabi_memclr                                                       
00003e7f  __aeabi_memclr4                                                      
00003e7f  __aeabi_memclr8                                                      
00003969  __aeabi_memcpy                                                       
00003969  __aeabi_memcpy4                                                      
00003969  __aeabi_memcpy8                                                      
00003e81  __aeabi_memset                                                       
00003e81  __aeabi_memset4                                                      
00003e81  __aeabi_memset8                                                      
00004f39  __aeabi_uidiv                                                        
00004f39  __aeabi_uidivmod                                                     
00005279  __aeabi_ul2f                                                         
ffffffff  __binit__                                                            
ffffffff  __c_args__                                                           
20001bc8  __stack                                                              
20000000  __start___llvm_prf_cnts                                              
20000000  __stop___llvm_prf_cnts                                               
00005d85  _args_main                                                           
00004701  _c_int00                                                             
00007c00  _ctypes_                                                             
20001b54  _lock                                                                
000023fb  _nop                                                                 
0000611d  _register_lock                                                       
00006129  _register_unlock                                                     
20001b58  _unlock                                                              
00000aad  abort                                                                
000041fd  adcInit                                                              
00004af1  atoi                                                                 
ffffffff  binit                                                                
00004b3d  copy_in                                                              
00005425  delayms                                                              
00005455  delayus                                                              
200017c4  int16_t_set_point                                                    
00003829  keyBoard                                                             
00005125  keyBoardInit                                                         
00004861  keyBoardRead                                                         
000049ad  keyBoardSweep                                                        
00003cf9  lcdInit                                                              
00002c99  main                                                                 
20001bac  main_func_sp                                                         
00003969  memcpy                                                               
00003e87  memset                                                               
00006061  osi_TaskDisable                                                      
00006001  osi_start                                                            
200017bc  parmbuf                                                              
200017c8  semHandle                                                            
200017a0  semStruct                                                            
200017cc  str_keys                                                             
00005b85  strcat                                                               
00005ed1  strcpy                                                               
00005ee5  strlen                                                               
00002f6d  task1Fxn                                                             
20000cc0  task1Stack                                                           
20001660  task1Struct                                                          
000023fd  task2Fxn                                                             
20000ec0  task2Stack                                                           
200016b0  task2Struct                                                          
000007bd  task3Fxn                                                             
200010c0  task3Stack                                                           
20001700  task3Struct                                                          
00002049  task4Fxn                                                             
200012c0  task4Stack                                                           
20001750  task4Struct                                                          
200017d0  temperaturaADC                                                       
000081ac  ti_catalog_arm_cortexm4_tiva_ce_Boot_A_mustNotUseEnhancedClockMode__C
000081b0  ti_catalog_arm_cortexm4_tiva_ce_Boot_Module__diagsEnabled__C         
000081b4  ti_catalog_arm_cortexm4_tiva_ce_Boot_Module__diagsIncluded__C        
000081b8  ti_catalog_arm_cortexm4_tiva_ce_Boot_Module__diagsMask__C            
00007ade  ti_catalog_arm_cortexm4_tiva_ce_Boot_Module__id__C                   
00005fcd  ti_catalog_arm_cortexm4_tiva_ce_Boot_init__I                         
00001475  ti_catalog_arm_cortexm4_tiva_ce_Boot_sysCtlClockFreqSetI__I          
00003b41  ti_catalog_arm_cortexm4_tiva_ce_Boot_sysCtlClockFreqSet__E           
20001aac  ti_sysbios_BIOS_Module__state__V                                     
00005cb9  ti_sysbios_BIOS_RtsGateProxy_Handle__label__S                        
00005905  ti_sysbios_BIOS_RtsGateProxy_Object__delete__S                       
00000fed  ti_sysbios_BIOS_RtsGateProxy_enter__E                                
0000186d  ti_sysbios_BIOS_RtsGateProxy_leave__E                                
00006261  ti_sysbios_BIOS_RtsGateProxy_query__E                                
00005485  ti_sysbios_BIOS_atExitFunc__I                                        
00005875  ti_sysbios_BIOS_errorRaiseHook__I                                    
00005e79  ti_sysbios_BIOS_exitFunc__I                                          
00004047  ti_sysbios_BIOS_nullFunc__I                                          
00005899  ti_sysbios_BIOS_registerRTSLock__I                                   
000058bd  ti_sysbios_BIOS_removeRTSLock__I                                     
00005a25  ti_sysbios_BIOS_rtsLock__I                                           
00005d9d  ti_sysbios_BIOS_rtsUnlock__I                                         
00005ff1  ti_sysbios_BIOS_setThreadType__E                                     
000058e1  ti_sysbios_BIOS_startFunc__I                                         
00006001  ti_sysbios_BIOS_start__E                                             
20001964  ti_sysbios_family_arm_lm4_Timer_Module_State_0_device__A             
20001ad0  ti_sysbios_family_arm_lm4_Timer_Module_State_0_handles__A            
00005db5  ti_sysbios_family_arm_lm4_Timer_Module__startupDone__F               
00005db5  ti_sysbios_family_arm_lm4_Timer_Module__startupDone__S               
20001b3c  ti_sysbios_family_arm_lm4_Timer_Module__state__V                     
00004339  ti_sysbios_family_arm_lm4_Timer_Module_startup__E                    
[...]
000061bd  ti_sysbios_knl_Task_Params__init__S                                  
000061c9  xdc_runtime_Error_init__E                                            
000061d5  xdc_runtime_Gate_enterSystem__E                                      
000061e1  xdc_runtime_Memory_calloc__E                                         
000061ed  xdc_runtime_Memory_getMaxDefaultTypeAlign__E                         
000061f9  ADCIntClear                                                          
00006203  xdc_runtime_Memory_HeapProxy_alloc__E                                
0000620d  xdc_runtime_Memory_HeapProxy_free__E                                 
00006217  ti_sysbios_family_arm_lm4_Timer_masterDisable__I                     
00006221  ti_sysbios_family_arm_m3_Hwi_doSwiRestore__I                         
00006229  ti_sysbios_family_arm_m3_Hwi_startup__E                              
00006229  ti_sysbios_hal_Hwi_HwiProxy_startup__E                               
00006229  ti_sysbios_hal_Hwi_startup__E                                        
00006231  ti_sysbios_family_arm_m3_Hwi_doTaskRestore__I                        
00006239  ti_sysbios_gates_GateHwi_leave__E                                    
00006241  ti_sysbios_heaps_HeapMem_isBlocking__E                               
00006249  ti_sysbios_knl_Queue_Instance_init__E                                
00006251  ti_sysbios_knl_Swi_startup__E                                        
00006259  ti_sysbios_gates_GateHwi_query__E                                    
00006259  xdc_runtime_Main_Module_GateProxy_query__E                           
00006259  xdc_runtime_System_Module_GateProxy_query__E                         
00006261  ti_sysbios_BIOS_RtsGateProxy_query__E                                
00006261  ti_sysbios_gates_GateMutex_query__E                                  
00006261  ti_sysbios_heaps_HeapMem_Module_GateProxy_query__E                   
00006269  ti_sysbios_knl_Task_startup__E                                       
00006271  ti_sysbios_gates_GateHwi_Instance_init__E                            
00006279  ti_sysbios_knl_Clock_logTick__E                                      
0000627c  xdc_runtime_Text_charTab__A                                          
00007add  xdc_runtime_Error_policy__C                                          
00007ade  ti_catalog_arm_cortexm4_tiva_ce_Boot_Module__id__C                   
00007c00  _ctypes_                                                             
00007d02  xdc_runtime_Text_nodeTab__A                                          
00007dbe  ti_sysbios_family_arm_m3_Hwi_Module__id__C                           
00007f04  ti_sysbios_knl_Task_Object__PARAMS__C                                
00007f70  ti_sysbios_heaps_HeapMem_Module__FXNS__C                             
00007f98  ti_sysbios_gates_GateHwi_Module__FXNS__C                             
00007fbc  ti_sysbios_gates_GateMutex_Module__FXNS__C                           
00007fe0  ti_sysbios_heaps_HeapMem_Object__PARAMS__C                           
00008004  ti_sysbios_knl_Semaphore_Object__PARAMS__C                           
00008028  ti_sysbios_gates_GateHwi_Object__DESC__C                             
00008048  ti_sysbios_gates_GateMutex_Object__DESC__C                           
00008068  ti_sysbios_heaps_HeapMem_Object__DESC__C                             
00008088  ti_sysbios_knl_Queue_Object__DESC__C                                 
000080a8  ti_sysbios_knl_Semaphore_Object__DESC__C                             
000080c8  ti_sysbios_knl_Task_Object__DESC__C                                  
000080e8  xdc_runtime_Startup_sfxnTab__A                                       
00008108  ti_sysbios_gates_GateHwi_Object__PARAMS__C                           
00008120  ti_sysbios_gates_GateMutex_Object__PARAMS__C                         
00008138  ti_sysbios_knl_Queue_Object__PARAMS__C                               
00008150  xdc_runtime_Startup_firstFxns__A                                     
00008174  xdc_runtime_Startup_sfxnRts__A                                       
0000818c  ti_sysbios_family_arm_m3_Hwi_excHookFuncs__A                         
00008194  ti_sysbios_knl_Idle_funcList__C                                      
0000819c  xdc_runtime_Startup_firstFxns__C                                     
000081a4  xdc_runtime_Startup_lastFxns__C                                      
000081ac  ti_catalog_arm_cortexm4_tiva_ce_Boot_A_mustNotUseEnhancedClockMode__C
000081b0  ti_catalog_arm_cortexm4_tiva_ce_Boot_Module__diagsEnabled__C         
000081b4  ti_catalog_arm_cortexm4_tiva_ce_Boot_Module__diagsIncluded__C        
000081b8  ti_catalog_arm_cortexm4_tiva_ce_Boot_Module__diagsMask__C            
000081bc  ti_sysbios_family_arm_lm4_Timer_enableFunc__C                        
000081c0  ti_sysbios_family_arm_lm4_Timer_numTimerDevices__C                   
000081c4  ti_sysbios_family_arm_lm4_Timer_startupNeeded__C                     
000081c8  ti_sysbios_family_arm_m3_Hwi_E_NMI__C                                
000081cc  ti_sysbios_family_arm_m3_Hwi_E_busFault__C                           
000081d0  ti_sysbios_family_arm_m3_Hwi_E_debugMon__C                           
000081d4  ti_sysbios_family_arm_m3_Hwi_E_hardFault__C                          
000081d8  ti_sysbios_family_arm_m3_Hwi_E_memFault__C                           
000081dc  ti_sysbios_family_arm_m3_Hwi_E_noIsr__C                              
000081e0  ti_sysbios_family_arm_m3_Hwi_E_reserved__C                           
000081e4  ti_sysbios_family_arm_m3_Hwi_E_svCall__C                             
000081e8  ti_sysbios_family_arm_m3_Hwi_E_usageFault__C                         
000081ec  ti_sysbios_family_arm_m3_Hwi_NUM_INTERRUPTS__C                       
000081f0  ti_sysbios_family_arm_m3_Hwi_Object__count__C                        
000081f4  ti_sysbios_family_arm_m3_Hwi_ccr__C                                  
000081f8  ti_sysbios_family_arm_m3_Hwi_excHandlerFunc__C                       
000081fc  ti_sysbios_family_arm_m3_Hwi_excHookFuncs__C                         
00008200  ti_sysbios_family_arm_m3_Hwi_nullIsrFunc__C                          
00008204  ti_sysbios_family_arm_m3_Hwi_priGroup__C                             
00008208  ti_sysbios_family_arm_m3_TaskSupport_stackAlignment__C               
0000820c  ti_sysbios_gates_GateMutex_A_badContext__C                           
00008210  ti_sysbios_gates_GateMutex_Instance_State_sem__O                     
00008214  ti_sysbios_gates_GateMutex_Module__diagsEnabled__C                   
00008218  ti_sysbios_gates_GateMutex_Module__diagsIncluded__C                  
0000821c  ti_sysbios_gates_GateMutex_Module__diagsMask__C                      
00008220  ti_sysbios_hal_Hwi_E_stackOverflow__C                                
00008224  ti_sysbios_heaps_HeapMem_A_align__C                                  
00008228  ti_sysbios_heaps_HeapMem_A_heapSize__C                               
0000822c  ti_sysbios_heaps_HeapMem_A_invalidFree__C                            
00008230  ti_sysbios_heaps_HeapMem_A_zeroBlock__C                              
00008234  ti_sysbios_heaps_HeapMem_E_memory__C                                 
00008238  ti_sysbios_heaps_HeapMem_Module__diagsEnabled__C                     
0000823c  ti_sysbios_heaps_HeapMem_Module__diagsIncluded__C                    
00008240  ti_sysbios_heaps_HeapMem_Module__diagsMask__C                        
00008244  ti_sysbios_heaps_HeapMem_Module__gateObj__C                          
00008248  ti_sysbios_heaps_HeapMem_Object__count__C                            
0000824c  ti_sysbios_heaps_HeapMem_reqAlign__C                                 
00008250  ti_sysbios_knl_Clock_Module_State_clockQ__O                          
00008254  ti_sysbios_knl_Clock_tickPeriod__C                                   
00008258  ti_sysbios_knl_Idle_funcList__A                                      
0000825c  ti_sysbios_knl_Semaphore_A_badContext__C                             
00008260  ti_sysbios_knl_Semaphore_A_noEvents__C                               
00008264  ti_sysbios_knl_Semaphore_A_overflow__C                               
00008268  ti_sysbios_knl_Semaphore_A_pendTaskDisabled__C                       
0000826c  ti_sysbios_knl_Semaphore_Instance_State_pendQ__O                     
00008270  ti_sysbios_knl_Semaphore_Module__diagsEnabled__C                     
00008274  ti_sysbios_knl_Semaphore_Module__diagsIncluded__C                    
00008278  ti_sysbios_knl_Semaphore_Module__diagsMask__C                        
0000827c  ti_sysbios_knl_Swi_Object__count__C                                  
00008280  ti_sysbios_knl_Task_A_badPriority__C                                 
00008284  ti_sysbios_knl_Task_A_badTaskState__C                                
00008288  ti_sysbios_knl_Task_A_badThreadType__C                               
0000828c  ti_sysbios_knl_Task_A_badTimeout__C                                  
00008290  ti_sysbios_knl_Task_A_noPendElem__C                                  
00008294  ti_sysbios_knl_Task_A_sleepTaskDisabled__C                           
00008298  ti_sysbios_knl_Task_E_spOutOfBounds__C                               
0000829c  ti_sysbios_knl_Task_E_stackOverflow__C                               
000082a0  ti_sysbios_knl_Task_Module_State_inactiveQ__O                        
000082a4  ti_sysbios_knl_Task_Module__diagsEnabled__C                          
000082a8  ti_sysbios_knl_Task_Module__diagsIncluded__C                         
000082ac  ti_sysbios_knl_Task_Module__diagsMask__C                             
000082b0  ti_sysbios_knl_Task_Object__count__C                                 
000082b4  ti_sysbios_knl_Task_allBlockedFunc__C                                
000082b8  ti_sysbios_knl_Task_defaultStackHeap__C                              
000082bc  ti_sysbios_knl_Task_defaultStackSize__C                              
000082c0  ti_sysbios_knl_Task_numConstructedTasks__C                           
000082c4  xdc_runtime_Assert_E_assertFailed__C                                 
000082c8  xdc_runtime_Core_A_initializedParams__C                              
000082cc  xdc_runtime_Core_Module__diagsEnabled__C                             
000082d0  xdc_runtime_Core_Module__diagsIncluded__C                            
000082d4  xdc_runtime_Core_Module__diagsMask__C                                
000082d8  xdc_runtime_Error_E_memory__C                                        
000082dc  xdc_runtime_Error_Module__diagsEnabled__C                            
000082e0  xdc_runtime_Error_Module__diagsIncluded__C                           
000082e4  xdc_runtime_Error_Module__diagsMask__C                               
000082e8  xdc_runtime_Error_Module__loggerFxn8__C                              
000082ec  xdc_runtime_Error_Module__loggerObj__C                               
000082f0  xdc_runtime_Error_policyFxn__C                                       
000082f4  xdc_runtime_Error_raiseHook__C                                       
000082f8  xdc_runtime_IGateProvider_Interface__BASE__C                         
000082fc  xdc_runtime_IHeap_Interface__BASE__C                                 
00008300  xdc_runtime_IModule_Interface__BASE__C                               
00008304  xdc_runtime_Log_L_error__C                                           
00008308  xdc_runtime_Memory_defaultHeapInstance__C                            
0000830c  xdc_runtime_Startup_execImpl__C                                      
00008310  xdc_runtime_Startup_maxPasses__C                                     
00008314  xdc_runtime_Startup_sfxnRts__C                                       
00008318  xdc_runtime_Startup_sfxnTab__C                                       
0000831c  xdc_runtime_SysMin_bufSize__C                                        
00008320  xdc_runtime_SysMin_outputFunc__C                                     
00008324  xdc_runtime_System_Module__gateObj__C                                
00008328  xdc_runtime_System_abortFxn__C                                       
0000832c  xdc_runtime_System_exitFxn__C                                        
00008330  xdc_runtime_System_extendFxn__C                                      
00008334  xdc_runtime_System_maxAtexitHandlers__C                              
00008338  xdc_runtime_Text_charTab__C                                          
0000833c  xdc_runtime_Text_nameEmpty__C                                        
00008340  xdc_runtime_Text_nameStatic__C                                       
00008344  xdc_runtime_Text_nameUnknown__C                                      
00008348  xdc_runtime_Text_nodeTab__C                                          
0000834c  xdc_runtime_Text_visitRopeFxn__C                                     
00008350  ti_sysbios_gates_GateMutex_Module__id__C                             
00008352  ti_sysbios_hal_Hwi_Module__id__C                                     
00008354  ti_sysbios_heaps_HeapMem_Module__id__C                               
00008356  ti_sysbios_knl_Semaphore_Module__id__C                               
00008358  ti_sysbios_knl_Task_Module__id__C                                    
0000835a  xdc_runtime_Core_Module__id__C                                       
0000835c  xdc_runtime_Error_Module__loggerDefined__C                           
0000835e  xdc_runtime_Error_maxDepth__C                                        
00008360  xdc_runtime_Memory_Module__id__C                                     
00008362  xdc_runtime_SysMin_flushAtExit__C                                    
00008364  xdc_runtime_Text_charCnt__C                                          
00008366  xdc_runtime_Text_isLoaded__C                                         
00008368  xdc_runtime_Text_registryModsLastId__C                               
0000836a  xdc_runtime_Text_unnamedModsLastId__C                                
00008370  __TI_static_base__                                                   
00008534  __TI_Handler_Table_Base                                              
00008540  __TI_Handler_Table_Limit                                             
00008550  __TI_CINIT_Base                                                      
00008568  __TI_CINIT_Limit                                                     
20000000  __start___llvm_prf_cnts                                              
20000000  __stop___llvm_prf_cnts                                               
20000000  ti_sysbios_family_arm_m3_Hwi_ramVectors                              
20000360  ti_sysbios_heaps_HeapMem_Instance_State_0_buf__A                     
20000760  ti_sysbios_family_arm_m3_Hwi_dispatchTable                           
20000ac0  ti_sysbios_knl_Task_Instance_State_0_stack__A                        
20000cc0  task1Stack                                                           
20000ec0  task2Stack                                                           
200010c0  task3Stack                                                           
200012c0  task4Stack                                                           
200014c0  __CIOBUF_                                                            
200015e0  xdc_runtime_SysMin_Module_State_0_outbuf__A                          
20001660  task1Struct                                                          
200016b0  task2Struct                                                          
20001700  task3Struct                                                          
20001750  task4Struct                                                          
200017a0  semStruct                                                            
200017bc  parmbuf                                                              
200017c4  int16_t_set_point                                                    
200017c8  semHandle                                                            
200017cc  str_keys                                                             
200017d0  temperaturaADC                                                       
200017d4  ti_sysbios_knl_Swi_Module_State_0_readyQ__A                          
20001854  ti_sysbios_knl_Task_Module_State_0_readyQ__A                         
200018d4  ti_sysbios_knl_Task_Object__table__V                                 
20001920  ti_sysbios_knl_Task_Module__state__V                                 
20001964  ti_sysbios_family_arm_lm4_Timer_Module_State_0_device__A             
200019a4  ti_sysbios_family_arm_lm4_Timer_Object__table__V                     
200019e4  ti_sysbios_gates_GateMutex_Object__table__V                          
20001a1c  ti_sysbios_family_arm_m3_Hwi_Module__state__V                        
20001a50  ti_sysbios_knl_Swi_Object__table__V                                  
20001a80  ti_sysbios_knl_Clock_Module__state__V                                
20001aac  ti_sysbios_BIOS_Module__state__V                                     
20001ad0  ti_sysbios_family_arm_lm4_Timer_Module_State_0_handles__A            
20001af0  ti_sysbios_knl_Swi_Module__state__V                                  
20001b0c  ti_sysbios_family_arm_m3_Hwi_Object__table__V                        
20001b24  ti_sysbios_heaps_HeapMem_Object__table__V                            
20001b3c  ti_sysbios_family_arm_lm4_Timer_Module__state__V                     
20001b48  xdc_runtime_SysMin_Module__state__V                                  
20001b54  _lock                                                                
20001b58  _unlock                                                              
20001b5c  ti_sysbios_gates_GateHwi_Module__root__V                             
20001b64  ti_sysbios_gates_GateMutex_Module__root__V                           
20001b6c  ti_sysbios_heaps_HeapMem_Module__root__V                             
20001b74  ti_sysbios_knl_Queue_Module__root__V                                 
20001b7c  ti_sysbios_knl_Semaphore_Module__root__V                             
20001b84  ti_sysbios_knl_Task_Module__root__V                                  
20001b8c  xdc_runtime_Registry_Module__state__V                                
20001b94  xdc_runtime_Startup_Module__state__V                                 
20001b9c  xdc_runtime_System_Module_State_0_atexitHandlers__A                  
20001ba4  xdc_runtime_System_Module__state__V                                  
20001bac  main_func_sp                                                         
20001bb0  ti_sysbios_family_arm_m3_Hwi_Module_State_0_excContext__A            
20001bb4  ti_sysbios_family_arm_m3_Hwi_Module_State_0_excStack__A              
20001bb8  ti_sysbios_gates_GateHwi_Object__table__V                            
20001bbc  ti_sysbios_knl_Task_Module_State_0_idleTask__A                       
20001bc0  xdc_runtime_Memory_Module__state__V                                  
20001bc4  ti_sysbios_family_arm_m3_Hwi_Module_State_0_excActive__A             
20001bc6  xdc_runtime_Error_Module__state__V                                   
20001bc8  __stack                                                              
20001ec8  __STACK_END                                                          
e000e000  ti_sysbios_family_arm_m3_Hwi_nvic                                    
ffffffff  __TI_pprof_out_hndl                                                  
ffffffff  __TI_prof_data_size                                                  
ffffffff  __TI_prof_data_start                                                 
ffffffff  __binit__                                                            
ffffffff  __c_args__                                                           
ffffffff  binit                                                                
UNDEFED   SHT$$INIT_ARRAY$$Base                                                
UNDEFED   SHT$$INIT_ARRAY$$Limit                                               

[576 symbols]
